﻿
> lyricalchemy@0.0.0 build
> vite build

[36mvite v7.3.1 [32mbuilding client environment for production...[36m[39m
transforming...
[32mΓ£ô[39m 15 modules transformed.
node.exe : 
[31mΓ£ù[39m Build 
failed in 102ms
At line:1 char:1
+ & "C:\Program Files
\nodejs/node.exe" 
"C:\Program 
Files\nodejs/node_mo 
...
+ ~~~~~~~~~~~~~~~~~~~
~~~~~~~~~~~~~~~~~~~~~
~~~~~~~~~~~~~~~~~~~~~
~~~~~~~~
    + CategoryInfo   
           : NotSpe  
  cified: ([31mΓ£   
 ù[39m Build fai    
led in 102ms:Str    
ing) [], RemoteE    
xception
    + FullyQualified 
   ErrorId : Native  
  CommandError
 
[31merror during 
build:
[31mCould not 
resolve 
"../utils/constants" 
from 
"src/App.jsx"[31m
file: [36mC:/Users/n
atha/OneDrive/Desktop
/LyricAlchemy/src/App
.jsx[31m
    at 
getRollupError (file:
///C:/Users/natha/One
Drive/Desktop/LyricAl
chemy/node_modules/ro
llup/dist/es/shared/p
arseAst.js:402:41)
    at error (file://
/C:/Users/natha/OneDr
ive/Desktop/LyricAlch
emy/node_modules/roll
up/dist/es/shared/par
seAst.js:398:42)
    at ModuleLoader.h
andleInvalidResolvedI
d (file:///C:/Users/n
atha/OneDrive/Desktop
/LyricAlchemy/node_mo
dules/rollup/dist/es/
shared/node-entry.js:
21710:24)
    at file:///C:/Use
rs/natha/OneDrive/Des
ktop/LyricAlchemy/nod
e_modules/rollup/dist
/es/shared/node-entry
.js:21670:26[39m
